Component: ARM Compiler 6.16 Tool: armlink [5dfeaa00]

==============================================================================

Section Cross References

    main.o(myFIFO) refers to fifo.o(fifo) for Fifo_Init
    main.o(myFIFO) refers to main.o(DATA) for n
    fifo.o(fifo) refers to fifo.o(DATA) for Fifo
    startup_stm32f407xx.o(RESET) refers to startup_stm32f407xx.o(STACK) for __initial_sp
    startup_stm32f407xx.o(RESET) refers to startup_stm32f407xx.o(.text) for Reset_Handler
    startup_stm32f407xx.o(.text) refers to system_stm32f4xx.o(.text.SystemInit) for SystemInit
    startup_stm32f407xx.o(.text) refers to main.o(myFIFO) for __main
    system_stm32f4xx.o(.ARM.exidx.text.SystemInit) refers to system_stm32f4xx.o(.text.SystemInit) for [Anonymous Symbol]
    system_stm32f4xx.o(.text.SystemCoreClockUpdate) refers to system_stm32f4xx.o(.data.SystemCoreClock) for SystemCoreClock
    system_stm32f4xx.o(.text.SystemCoreClockUpdate) refers to system_stm32f4xx.o(.rodata.AHBPrescTable) for AHBPrescTable
    system_stm32f4xx.o(.ARM.exidx.text.SystemCoreClockUpdate) refers to system_stm32f4xx.o(.text.SystemCoreClockUpdate) for [Anonymous Symbol]


==============================================================================

Removing Unused input sections from the image.

    Removing startup_stm32f407xx.o(HEAP), (512 bytes).
    Removing system_stm32f4xx.o(.text), (0 bytes).
    Removing system_stm32f4xx.o(.ARM.exidx.text.SystemInit), (8 bytes).
    Removing system_stm32f4xx.o(.text.SystemCoreClockUpdate), (126 bytes).
    Removing system_stm32f4xx.o(.ARM.exidx.text.SystemCoreClockUpdate), (8 bytes).
    Removing system_stm32f4xx.o(.data.SystemCoreClock), (4 bytes).
    Removing system_stm32f4xx.o(.rodata.AHBPrescTable), (16 bytes).
    Removing system_stm32f4xx.o(.rodata.APBPrescTable), (8 bytes).

8 unused section(s) (total 682 bytes) removed from the image.
Trace Relocation: Processing relocation 0 type R_ARM_ABS32 in section RESET from object startup_stm32f407xx.o
Trace Relocation: Processing relocation 1 type R_ARM_ABS32 in section RESET from object startup_stm32f407xx.o
Trace Relocation: Setting Thumb bit
Trace Relocation: Processing relocation 2 type R_ARM_ABS32 in section RESET from object startup_stm32f407xx.o
Trace Relocation: Setting Thumb bit
Trace Relocation: Processing relocation 3 type R_ARM_ABS32 in section RESET from object startup_stm32f407xx.o
Trace Relocation: Setting Thumb bit
Trace Relocation: Processing relocation 4 type R_ARM_ABS32 in section RESET from object startup_stm32f407xx.o
Trace Relocation: Setting Thumb bit
Trace Relocation: Processing relocation 5 type R_ARM_ABS32 in section RESET from object startup_stm32f407xx.o
Trace Relocation: Setting Thumb bit
Trace Relocation: Processing relocation 6 type R_ARM_ABS32 in section RESET from object startup_stm32f407xx.o
Trace Relocation: Setting Thumb bit
Trace Relocation: Processing relocation 7 type R_ARM_ABS32 in section RESET from object startup_stm32f407xx.o
Trace Relocation: Setting Thumb bit
Trace Relocation: Processing relocation 8 type R_ARM_ABS32 in section RESET from object startup_stm32f407xx.o
Trace Relocation: Setting Thumb bit
Trace Relocation: Processing relocation 9 type R_ARM_ABS32 in section RESET from object startup_stm32f407xx.o
Trace Relocation: Setting Thumb bit
Trace Relocation: Processing relocation 10 type R_ARM_ABS32 in section RESET from object startup_stm32f407xx.o
Trace Relocation: Setting Thumb bit
Trace Relocation: Processing relocation 11 type R_ARM_ABS32 in section RESET from object startup_stm32f407xx.o
Trace Relocation: Setting Thumb bit
Trace Relocation: Processing relocation 12 type R_ARM_ABS32 in section RESET from object startup_stm32f407xx.o
Trace Relocation: Setting Thumb bit
Trace Relocation: Processing relocation 13 type R_ARM_ABS32 in section RESET from object startup_stm32f407xx.o
Trace Relocation: Setting Thumb bit
Trace Relocation: Processing relocation 14 type R_ARM_ABS32 in section RESET from object startup_stm32f407xx.o
Trace Relocation: Setting Thumb bit
Trace Relocation: Processing relocation 15 type R_ARM_ABS32 in section RESET from object startup_stm32f407xx.o
Trace Relocation: Setting Thumb bit
Trace Relocation: Processing relocation 16 type R_ARM_ABS32 in section RESET from object startup_stm32f407xx.o
Trace Relocation: Setting Thumb bit
Trace Relocation: Processing relocation 17 type R_ARM_ABS32 in section RESET from object startup_stm32f407xx.o
Trace Relocation: Setting Thumb bit
Trace Relocation: Processing relocation 18 type R_ARM_ABS32 in section RESET from object startup_stm32f407xx.o
Trace Relocation: Setting Thumb bit
Trace Relocation: Processing relocation 19 type R_ARM_ABS32 in section RESET from object startup_stm32f407xx.o
Trace Relocation: Setting Thumb bit
Trace Relocation: Processing relocation 20 type R_ARM_ABS32 in section RESET from object startup_stm32f407xx.o
Trace Relocation: Setting Thumb bit
Trace Relocation: Processing relocation 21 type R_ARM_ABS32 in section RESET from object startup_stm32f407xx.o
Trace Relocation: Setting Thumb bit
Trace Relocation: Processing relocation 22 type R_ARM_ABS32 in section RESET from object startup_stm32f407xx.o
Trace Relocation: Setting Thumb bit
Trace Relocation: Processing relocation 23 type R_ARM_ABS32 in section RESET from object startup_stm32f407xx.o
Trace Relocation: Setting Thumb bit
Trace Relocation: Processing relocation 24 type R_ARM_ABS32 in section RESET from object startup_stm32f407xx.o
Trace Relocation: Setting Thumb bit
Trace Relocation: Processing relocation 25 type R_ARM_ABS32 in section RESET from object startup_stm32f407xx.o
Trace Relocation: Setting Thumb bit
Trace Relocation: Processing relocation 26 type R_ARM_ABS32 in section RESET from object startup_stm32f407xx.o
Trace Relocation: Setting Thumb bit
Trace Relocation: Processing relocation 27 type R_ARM_ABS32 in section RESET from object startup_stm32f407xx.o
Trace Relocation: Setting Thumb bit
Trace Relocation: Processing relocation 28 type R_ARM_ABS32 in section RESET from object startup_stm32f407xx.o
Trace Relocation: Setting Thumb bit
Trace Relocation: Processing relocation 29 type R_ARM_ABS32 in section RESET from object startup_stm32f407xx.o
Trace Relocation: Setting Thumb bit
Trace Relocation: Processing relocation 30 type R_ARM_ABS32 in section RESET from object startup_stm32f407xx.o
Trace Relocation: Setting Thumb bit
Trace Relocation: Processing relocation 31 type R_ARM_ABS32 in section RESET from object startup_stm32f407xx.o
Trace Relocation: Setting Thumb bit
Trace Relocation: Processing relocation 32 type R_ARM_ABS32 in section RESET from object startup_stm32f407xx.o
Trace Relocation: Setting Thumb bit
Trace Relocation: Processing relocation 33 type R_ARM_ABS32 in section RESET from object startup_stm32f407xx.o
Trace Relocation: Setting Thumb bit
Trace Relocation: Processing relocation 34 type R_ARM_ABS32 in section RESET from object startup_stm32f407xx.o
Trace Relocation: Setting Thumb bit
Trace Relocation: Processing relocation 35 type R_ARM_ABS32 in section RESET from object startup_stm32f407xx.o
Trace Relocation: Setting Thumb bit
Trace Relocation: Processing relocation 36 type R_ARM_ABS32 in section RESET from object startup_stm32f407xx.o
Trace Relocation: Setting Thumb bit
Trace Relocation: Processing relocation 37 type R_ARM_ABS32 in section RESET from object startup_stm32f407xx.o
Trace Relocation: Setting Thumb bit
Trace Relocation: Processing relocation 38 type R_ARM_ABS32 in section RESET from object startup_stm32f407xx.o
Trace Relocation: Setting Thumb bit
Trace Relocation: Processing relocation 39 type R_ARM_ABS32 in section RESET from object startup_stm32f407xx.o
Trace Relocation: Setting Thumb bit
Trace Relocation: Processing relocation 40 type R_ARM_ABS32 in section RESET from object startup_stm32f407xx.o
Trace Relocation: Setting Thumb bit
Trace Relocation: Processing relocation 41 type R_ARM_ABS32 in section RESET from object startup_stm32f407xx.o
Trace Relocation: Setting Thumb bit
Trace Relocation: Processing relocation 42 type R_ARM_ABS32 in section RESET from object startup_stm32f407xx.o
Trace Relocation: Setting Thumb bit
Trace Relocation: Processing relocation 43 type R_ARM_ABS32 in section RESET from object startup_stm32f407xx.o
Trace Relocation: Setting Thumb bit
Trace Relocation: Processing relocation 44 type R_ARM_ABS32 in section RESET from object startup_stm32f407xx.o
Trace Relocation: Setting Thumb bit
Trace Relocation: Processing relocation 45 type R_ARM_ABS32 in section RESET from object startup_stm32f407xx.o
Trace Relocation: Setting Thumb bit
Trace Relocation: Processing relocation 46 type R_ARM_ABS32 in section RESET from object startup_stm32f407xx.o
Trace Relocation: Setting Thumb bit
Trace Relocation: Processing relocation 47 type R_ARM_ABS32 in section RESET from object startup_stm32f407xx.o
Trace Relocation: Setting Thumb bit
Trace Relocation: Processing relocation 48 type R_ARM_ABS32 in section RESET from object startup_stm32f407xx.o
Trace Relocation: Setting Thumb bit
Trace Relocation: Processing relocation 49 type R_ARM_ABS32 in section RESET from object startup_stm32f407xx.o
Trace Relocation: Setting Thumb bit
Trace Relocation: Processing relocation 50 type R_ARM_ABS32 in section RESET from object startup_stm32f407xx.o
Trace Relocation: Setting Thumb bit
Trace Relocation: Processing relocation 51 type R_ARM_ABS32 in section RESET from object startup_stm32f407xx.o
Trace Relocation: Setting Thumb bit
Trace Relocation: Processing relocation 52 type R_ARM_ABS32 in section RESET from object startup_stm32f407xx.o
Trace Relocation: Setting Thumb bit
Trace Relocation: Processing relocation 53 type R_ARM_ABS32 in section RESET from object startup_stm32f407xx.o
Trace Relocation: Setting Thumb bit
Trace Relocation: Processing relocation 54 type R_ARM_ABS32 in section RESET from object startup_stm32f407xx.o
Trace Relocation: Setting Thumb bit
Trace Relocation: Processing relocation 55 type R_ARM_ABS32 in section RESET from object startup_stm32f407xx.o
Trace Relocation: Setting Thumb bit
Trace Relocation: Processing relocation 56 type R_ARM_ABS32 in section RESET from object startup_stm32f407xx.o
Trace Relocation: Setting Thumb bit
Trace Relocation: Processing relocation 57 type R_ARM_ABS32 in section RESET from object startup_stm32f407xx.o
Trace Relocation: Setting Thumb bit
Trace Relocation: Processing relocation 58 type R_ARM_ABS32 in section RESET from object startup_stm32f407xx.o
Trace Relocation: Setting Thumb bit
Trace Relocation: Processing relocation 59 type R_ARM_ABS32 in section RESET from object startup_stm32f407xx.o
Trace Relocation: Setting Thumb bit
Trace Relocation: Processing relocation 60 type R_ARM_ABS32 in section RESET from object startup_stm32f407xx.o
Trace Relocation: Setting Thumb bit
Trace Relocation: Processing relocation 61 type R_ARM_ABS32 in section RESET from object startup_stm32f407xx.o
Trace Relocation: Setting Thumb bit
Trace Relocation: Processing relocation 62 type R_ARM_ABS32 in section RESET from object startup_stm32f407xx.o
Trace Relocation: Setting Thumb bit
Trace Relocation: Processing relocation 63 type R_ARM_ABS32 in section RESET from object startup_stm32f407xx.o
Trace Relocation: Setting Thumb bit
Trace Relocation: Processing relocation 64 type R_ARM_ABS32 in section RESET from object startup_stm32f407xx.o
Trace Relocation: Setting Thumb bit
Trace Relocation: Processing relocation 65 type R_ARM_ABS32 in section RESET from object startup_stm32f407xx.o
Trace Relocation: Setting Thumb bit
Trace Relocation: Processing relocation 66 type R_ARM_ABS32 in section RESET from object startup_stm32f407xx.o
Trace Relocation: Setting Thumb bit
Trace Relocation: Processing relocation 67 type R_ARM_ABS32 in section RESET from object startup_stm32f407xx.o
Trace Relocation: Setting Thumb bit
Trace Relocation: Processing relocation 68 type R_ARM_ABS32 in section RESET from object startup_stm32f407xx.o
Trace Relocation: Setting Thumb bit
Trace Relocation: Processing relocation 69 type R_ARM_ABS32 in section RESET from object startup_stm32f407xx.o
Trace Relocation: Setting Thumb bit
Trace Relocation: Processing relocation 70 type R_ARM_ABS32 in section RESET from object startup_stm32f407xx.o
Trace Relocation: Setting Thumb bit
Trace Relocation: Processing relocation 71 type R_ARM_ABS32 in section RESET from object startup_stm32f407xx.o
Trace Relocation: Setting Thumb bit
Trace Relocation: Processing relocation 72 type R_ARM_ABS32 in section RESET from object startup_stm32f407xx.o
Trace Relocation: Setting Thumb bit
Trace Relocation: Processing relocation 73 type R_ARM_ABS32 in section RESET from object startup_stm32f407xx.o
Trace Relocation: Setting Thumb bit
Trace Relocation: Processing relocation 74 type R_ARM_ABS32 in section RESET from object startup_stm32f407xx.o
Trace Relocation: Setting Thumb bit
Trace Relocation: Processing relocation 75 type R_ARM_ABS32 in section RESET from object startup_stm32f407xx.o
Trace Relocation: Setting Thumb bit
Trace Relocation: Processing relocation 76 type R_ARM_ABS32 in section RESET from object startup_stm32f407xx.o
Trace Relocation: Setting Thumb bit
Trace Relocation: Processing relocation 77 type R_ARM_ABS32 in section RESET from object startup_stm32f407xx.o
Trace Relocation: Setting Thumb bit
Trace Relocation: Processing relocation 78 type R_ARM_ABS32 in section RESET from object startup_stm32f407xx.o
Trace Relocation: Setting Thumb bit
Trace Relocation: Processing relocation 79 type R_ARM_ABS32 in section RESET from object startup_stm32f407xx.o
Trace Relocation: Setting Thumb bit
Trace Relocation: Processing relocation 80 type R_ARM_ABS32 in section RESET from object startup_stm32f407xx.o
Trace Relocation: Setting Thumb bit
Trace Relocation: Processing relocation 81 type R_ARM_ABS32 in section RESET from object startup_stm32f407xx.o
Trace Relocation: Setting Thumb bit
Trace Relocation: Processing relocation 82 type R_ARM_ABS32 in section RESET from object startup_stm32f407xx.o
Trace Relocation: Setting Thumb bit
Trace Relocation: Processing relocation 83 type R_ARM_ABS32 in section RESET from object startup_stm32f407xx.o
Trace Relocation: Setting Thumb bit
Trace Relocation: Processing relocation 84 type R_ARM_ABS32 in section RESET from object startup_stm32f407xx.o
Trace Relocation: Setting Thumb bit
Trace Relocation: Processing relocation 85 type R_ARM_ABS32 in section RESET from object startup_stm32f407xx.o
Trace Relocation: Setting Thumb bit
Trace Relocation: Processing relocation 86 type R_ARM_ABS32 in section RESET from object startup_stm32f407xx.o
Trace Relocation: Setting Thumb bit
Trace Relocation: Processing relocation 87 type R_ARM_ABS32 in section RESET from object startup_stm32f407xx.o
Trace Relocation: Setting Thumb bit
Trace Relocation: Processing relocation 88 type R_ARM_ABS32 in section RESET from object startup_stm32f407xx.o
Trace Relocation: Setting Thumb bit
Trace Relocation: Processing relocation 89 type R_ARM_ABS32 in section RESET from object startup_stm32f407xx.o
Trace Relocation: Setting Thumb bit
Trace Relocation: Processing relocation 90 type R_ARM_ABS32 in section RESET from object startup_stm32f407xx.o
Trace Relocation: Setting Thumb bit
Trace Relocation: Processing relocation 91 type R_ARM_ABS32 in section RESET from object startup_stm32f407xx.o
Trace Relocation: Setting Thumb bit
Trace Relocation: Processing relocation 0 type R_ARM_ABS32 in section .text from object startup_stm32f407xx.o
Trace Relocation: Setting Thumb bit
Trace Relocation: Processing relocation 1 type R_ARM_ABS32 in section .text from object startup_stm32f407xx.o
Trace Relocation: Setting Thumb bit
Trace Relocation: Processing relocation 0 type R_ARM_ABS32 in section fifo from object fifo.o
Trace Relocation: Processing relocation 1 type R_ARM_ABS32 in section fifo from object fifo.o
Trace Relocation: Processing relocation 2 type R_ARM_ABS32 in section fifo from object fifo.o
Trace Relocation: Processing relocation 3 type R_ARM_ABS32 in section fifo from object fifo.o
Trace Relocation: Processing relocation 4 type R_ARM_ABS32 in section fifo from object fifo.o
Trace Relocation: Processing relocation 0 type R_ARM_THM_CALL in section myFIFO from object main.o
Trace Relocation: Processing relocation 1 type R_ARM_THM_CALL in section myFIFO from object main.o
Trace Relocation: Processing relocation 2 type R_ARM_THM_CALL in section myFIFO from object main.o
Trace Relocation: Processing relocation 3 type R_ARM_THM_CALL in section myFIFO from object main.o
Trace Relocation: Processing relocation 4 type R_ARM_THM_CALL in section myFIFO from object main.o
Trace Relocation: Processing relocation 5 type R_ARM_THM_CALL in section myFIFO from object main.o
Trace Relocation: Processing relocation 6 type R_ARM_THM_CALL in section myFIFO from object main.o
Trace Relocation: Processing relocation 7 type R_ARM_THM_CALL in section myFIFO from object main.o
Trace Relocation: Processing relocation 8 type R_ARM_THM_CALL in section myFIFO from object main.o
Trace Relocation: Processing relocation 9 type R_ARM_THM_CALL in section myFIFO from object main.o
Trace Relocation: Processing relocation 10 type R_ARM_THM_CALL in section myFIFO from object main.o
Trace Relocation: Processing relocation 11 type R_ARM_THM_CALL in section myFIFO from object main.o
Trace Relocation: Processing relocation 12 type R_ARM_THM_CALL in section myFIFO from object main.o
Trace Relocation: Processing relocation 13 type R_ARM_THM_CALL in section myFIFO from object main.o
Trace Relocation: Processing relocation 14 type R_ARM_THM_CALL in section myFIFO from object main.o
Trace Relocation: Processing relocation 15 type R_ARM_THM_CALL in section myFIFO from object main.o
Trace Relocation: Processing relocation 16 type R_ARM_THM_CALL in section myFIFO from object main.o
Trace Relocation: Processing relocation 17 type R_ARM_THM_CALL in section myFIFO from object main.o
Trace Relocation: Processing relocation 18 type R_ARM_THM_CALL in section myFIFO from object main.o
Trace Relocation: Processing relocation 19 type R_ARM_THM_CALL in section myFIFO from object main.o
Trace Relocation: Processing relocation 20 type R_ARM_THM_CALL in section myFIFO from object main.o
Trace Relocation: Processing relocation 21 type R_ARM_THM_CALL in section myFIFO from object main.o
Trace Relocation: Processing relocation 22 type R_ARM_THM_CALL in section myFIFO from object main.o
Trace Relocation: Processing relocation 23 type R_ARM_THM_CALL in section myFIFO from object main.o
Trace Relocation: Processing relocation 24 type R_ARM_THM_CALL in section myFIFO from object main.o
Trace Relocation: Processing relocation 25 type R_ARM_THM_CALL in section myFIFO from object main.o
Trace Relocation: Processing relocation 26 type R_ARM_THM_CALL in section myFIFO from object main.o
Trace Relocation: Processing relocation 27 type R_ARM_THM_CALL in section myFIFO from object main.o
Trace Relocation: Processing relocation 28 type R_ARM_THM_CALL in section myFIFO from object main.o
Trace Relocation: Processing relocation 29 type R_ARM_THM_CALL in section myFIFO from object main.o
Trace Relocation: Processing relocation 30 type R_ARM_ABS32 in section myFIFO from object main.o
Trace Relocation: Processed 130 relocations 0 debug relocations
Trace Relocation: Processing relocation 0 type R_ARM_ABS32 in section .debug_frame from object startup_stm32f407xx.o
Trace Relocation: Processing relocation 1 type R_ARM_ABS32 in section .debug_frame from object startup_stm32f407xx.o
Trace Relocation: Processing relocation 2 type R_ARM_ABS32 in section .debug_frame from object startup_stm32f407xx.o
Trace Relocation: Processing relocation 3 type R_ARM_ABS32 in section .debug_frame from object startup_stm32f407xx.o
Trace Relocation: Processing relocation 4 type R_ARM_ABS32 in section .debug_frame from object startup_stm32f407xx.o
Trace Relocation: Processing relocation 5 type R_ARM_ABS32 in section .debug_frame from object startup_stm32f407xx.o
Trace Relocation: Processing relocation 6 type R_ARM_ABS32 in section .debug_frame from object startup_stm32f407xx.o
Trace Relocation: Processing relocation 7 type R_ARM_ABS32 in section .debug_frame from object startup_stm32f407xx.o
Trace Relocation: Processing relocation 8 type R_ARM_ABS32 in section .debug_frame from object startup_stm32f407xx.o
Trace Relocation: Processing relocation 9 type R_ARM_ABS32 in section .debug_frame from object startup_stm32f407xx.o
Trace Relocation: Processing relocation 10 type R_ARM_ABS32 in section .debug_frame from object startup_stm32f407xx.o
Trace Relocation: Processing relocation 11 type R_ARM_ABS32 in section .debug_frame from object startup_stm32f407xx.o
Trace Relocation: Processing relocation 12 type R_ARM_ABS32 in section .debug_frame from object startup_stm32f407xx.o
Trace Relocation: Processing relocation 13 type R_ARM_ABS32 in section .debug_frame from object startup_stm32f407xx.o
Trace Relocation: Processing relocation 14 type R_ARM_ABS32 in section .debug_frame from object startup_stm32f407xx.o
Trace Relocation: Processing relocation 15 type R_ARM_ABS32 in section .debug_frame from object startup_stm32f407xx.o
Trace Relocation: Processing relocation 16 type R_ARM_ABS32 in section .debug_frame from object startup_stm32f407xx.o
Trace Relocation: Processing relocation 17 type R_ARM_ABS32 in section .debug_frame from object startup_stm32f407xx.o
Trace Relocation: Processing relocation 18 type R_ARM_ABS32 in section .debug_frame from object startup_stm32f407xx.o
Trace Relocation: Processing relocation 19 type R_ARM_ABS32 in section .debug_frame from object startup_stm32f407xx.o
Trace Relocation: Processing relocation 20 type R_ARM_ABS32 in section .debug_frame from object startup_stm32f407xx.o
Trace Relocation: Processing relocation 21 type R_ARM_ABS32 in section .debug_frame from object startup_stm32f407xx.o
Trace Relocation: Processing relocation 22 type R_ARM_ABS32 in section .debug_frame from object startup_stm32f407xx.o
Trace Relocation: Processing relocation 23 type R_ARM_ABS32 in section .debug_frame from object startup_stm32f407xx.o
Trace Relocation: Processing relocation 24 type R_ARM_ABS32 in section .debug_frame from object startup_stm32f407xx.o
Trace Relocation: Processing relocation 25 type R_ARM_ABS32 in section .debug_frame from object startup_stm32f407xx.o
Trace Relocation: Processing relocation 0 type R_ARM_ABS32 in section .debug_info from object system_stm32f4xx.o
Trace Relocation: Processing relocation 1 type R_ARM_ABS32 in section .debug_info from object system_stm32f4xx.o
Trace Relocation: Processing relocation 2 type R_ARM_ABS32 in section .debug_info from object system_stm32f4xx.o
Trace Relocation: Processing relocation 3 type R_ARM_ABS32 in section .debug_info from object system_stm32f4xx.o
Trace Relocation: Processing relocation 4 type R_ARM_ABS32 in section .debug_info from object system_stm32f4xx.o
Trace Relocation: Processing relocation 5 type R_ARM_ABS32 in section .debug_info from object system_stm32f4xx.o
Trace Relocation: Processing relocation 6 type R_ARM_ABS32 in section .debug_info from object system_stm32f4xx.o
Trace Relocation: Processing relocation 7 type R_ARM_ABS32 in section .debug_info from object system_stm32f4xx.o
Trace Relocation: Processing relocation 8 type R_ARM_ABS32 in section .debug_info from object system_stm32f4xx.o
Trace Relocation: Processing relocation 9 type R_ARM_ABS32 in section .debug_info from object system_stm32f4xx.o
Trace Relocation: Processing relocation 10 type R_ARM_ABS32 in section .debug_info from object system_stm32f4xx.o
Trace Relocation: Processing relocation 11 type R_ARM_ABS32 in section .debug_info from object system_stm32f4xx.o
Trace Relocation: Processing relocation 12 type R_ARM_ABS32 in section .debug_info from object system_stm32f4xx.o
Trace Relocation: Processing relocation 13 type R_ARM_ABS32 in section .debug_info from object system_stm32f4xx.o
Trace Relocation: Processing relocation 14 type R_ARM_ABS32 in section .debug_info from object system_stm32f4xx.o
Trace Relocation: Processing relocation 15 type R_ARM_ABS32 in section .debug_info from object system_stm32f4xx.o
Trace Relocation: Processing relocation 16 type R_ARM_ABS32 in section .debug_info from object system_stm32f4xx.o
Trace Relocation: Processing relocation 17 type R_ARM_ABS32 in section .debug_info from object system_stm32f4xx.o
Trace Relocation: Processing relocation 18 type R_ARM_ABS32 in section .debug_info from object system_stm32f4xx.o
Trace Relocation: Processing relocation 19 type R_ARM_ABS32 in section .debug_info from object system_stm32f4xx.o
Trace Relocation: Processing relocation 20 type R_ARM_ABS32 in section .debug_info from object system_stm32f4xx.o
Trace Relocation: Processing relocation 21 type R_ARM_ABS32 in section .debug_info from object system_stm32f4xx.o
Trace Relocation: Processing relocation 22 type R_ARM_ABS32 in section .debug_info from object system_stm32f4xx.o
Trace Relocation: Processing relocation 23 type R_ARM_ABS32 in section .debug_info from object system_stm32f4xx.o
Trace Relocation: Processing relocation 24 type R_ARM_ABS32 in section .debug_info from object system_stm32f4xx.o
Trace Relocation: Processing relocation 25 type R_ARM_ABS32 in section .debug_info from object system_stm32f4xx.o
Trace Relocation: Processing relocation 26 type R_ARM_ABS32 in section .debug_info from object system_stm32f4xx.o
Trace Relocation: Processing relocation 27 type R_ARM_ABS32 in section .debug_info from object system_stm32f4xx.o
Trace Relocation: Processing relocation 28 type R_ARM_ABS32 in section .debug_info from object system_stm32f4xx.o
Trace Relocation: Processing relocation 29 type R_ARM_ABS32 in section .debug_info from object system_stm32f4xx.o
Trace Relocation: Processing relocation 30 type R_ARM_ABS32 in section .debug_info from object system_stm32f4xx.o
Trace Relocation: Processing relocation 31 type R_ARM_ABS32 in section .debug_info from object system_stm32f4xx.o
Trace Relocation: Processing relocation 32 type R_ARM_ABS32 in section .debug_info from object system_stm32f4xx.o
Trace Relocation: Processing relocation 33 type R_ARM_ABS32 in section .debug_info from object system_stm32f4xx.o
Trace Relocation: Processing relocation 34 type R_ARM_ABS32 in section .debug_info from object system_stm32f4xx.o
Trace Relocation: Processing relocation 35 type R_ARM_ABS32 in section .debug_info from object system_stm32f4xx.o
Trace Relocation: Processing relocation 36 type R_ARM_ABS32 in section .debug_info from object system_stm32f4xx.o
Trace Relocation: Processing relocation 37 type R_ARM_ABS32 in section .debug_info from object system_stm32f4xx.o
Trace Relocation: Processing relocation 38 type R_ARM_ABS32 in section .debug_info from object system_stm32f4xx.o
Trace Relocation: Processing relocation 39 type R_ARM_ABS32 in section .debug_info from object system_stm32f4xx.o
Trace Relocation: Processing relocation 40 type R_ARM_ABS32 in section .debug_info from object system_stm32f4xx.o
Trace Relocation: Processing relocation 41 type R_ARM_ABS32 in section .debug_info from object system_stm32f4xx.o
Trace Relocation: Processing relocation 42 type R_ARM_ABS32 in section .debug_info from object system_stm32f4xx.o
Trace Relocation: Processing relocation 43 type R_ARM_ABS32 in section .debug_info from object system_stm32f4xx.o
Trace Relocation: Processing relocation 44 type R_ARM_ABS32 in section .debug_info from object system_stm32f4xx.o
Trace Relocation: Processing relocation 45 type R_ARM_ABS32 in section .debug_info from object system_stm32f4xx.o
Trace Relocation: Processing relocation 46 type R_ARM_ABS32 in section .debug_info from object system_stm32f4xx.o
Trace Relocation: Processing relocation 47 type R_ARM_ABS32 in section .debug_info from object system_stm32f4xx.o
Trace Relocation: Processing relocation 48 type R_ARM_ABS32 in section .debug_info from object system_stm32f4xx.o
Trace Relocation: Processing relocation 49 type R_ARM_ABS32 in section .debug_info from object system_stm32f4xx.o
Trace Relocation: Processing relocation 50 type R_ARM_ABS32 in section .debug_info from object system_stm32f4xx.o
Trace Relocation: Processing relocation 51 type R_ARM_ABS32 in section .debug_info from object system_stm32f4xx.o
Trace Relocation: Processing relocation 52 type R_ARM_ABS32 in section .debug_info from object system_stm32f4xx.o
Trace Relocation: Processing relocation 53 type R_ARM_ABS32 in section .debug_info from object system_stm32f4xx.o
Trace Relocation: Processing relocation 54 type R_ARM_ABS32 in section .debug_info from object system_stm32f4xx.o
Trace Relocation: Processing relocation 55 type R_ARM_ABS32 in section .debug_info from object system_stm32f4xx.o
Trace Relocation: Processing relocation 56 type R_ARM_ABS32 in section .debug_info from object system_stm32f4xx.o
Trace Relocation: Processing relocation 57 type R_ARM_ABS32 in section .debug_info from object system_stm32f4xx.o
Trace Relocation: Processing relocation 58 type R_ARM_ABS32 in section .debug_info from object system_stm32f4xx.o
Trace Relocation: Processing relocation 59 type R_ARM_ABS32 in section .debug_info from object system_stm32f4xx.o
Trace Relocation: Processing relocation 60 type R_ARM_ABS32 in section .debug_info from object system_stm32f4xx.o
Trace Relocation: Processing relocation 61 type R_ARM_ABS32 in section .debug_info from object system_stm32f4xx.o
Trace Relocation: Processing relocation 62 type R_ARM_ABS32 in section .debug_info from object system_stm32f4xx.o
Trace Relocation: Processing relocation 63 type R_ARM_ABS32 in section .debug_info from object system_stm32f4xx.o
Trace Relocation: Processing relocation 64 type R_ARM_ABS32 in section .debug_info from object system_stm32f4xx.o
Trace Relocation: Processing relocation 65 type R_ARM_ABS32 in section .debug_info from object system_stm32f4xx.o
Trace Relocation: Processing relocation 66 type R_ARM_ABS32 in section .debug_info from object system_stm32f4xx.o
Trace Relocation: Processing relocation 67 type R_ARM_ABS32 in section .debug_info from object system_stm32f4xx.o
Trace Relocation: Processing relocation 68 type R_ARM_ABS32 in section .debug_info from object system_stm32f4xx.o
Trace Relocation: Processing relocation 69 type R_ARM_ABS32 in section .debug_info from object system_stm32f4xx.o
Trace Relocation: Processing relocation 70 type R_ARM_ABS32 in section .debug_info from object system_stm32f4xx.o
Trace Relocation: Processing relocation 71 type R_ARM_ABS32 in section .debug_info from object system_stm32f4xx.o
Trace Relocation: Processing relocation 72 type R_ARM_ABS32 in section .debug_info from object system_stm32f4xx.o
Trace Relocation: Processing relocation 73 type R_ARM_ABS32 in section .debug_info from object system_stm32f4xx.o
Trace Relocation: Processing relocation 74 type R_ARM_ABS32 in section .debug_info from object system_stm32f4xx.o
Trace Relocation: Processing relocation 75 type R_ARM_ABS32 in section .debug_info from object system_stm32f4xx.o
Trace Relocation: Processing relocation 76 type R_ARM_ABS32 in section .debug_info from object system_stm32f4xx.o
Trace Relocation: Processing relocation 77 type R_ARM_ABS32 in section .debug_info from object system_stm32f4xx.o
Trace Relocation: Processing relocation 78 type R_ARM_ABS32 in section .debug_info from object system_stm32f4xx.o
Trace Relocation: Processing relocation 79 type R_ARM_ABS32 in section .debug_info from object system_stm32f4xx.o
Trace Relocation: Processing relocation 80 type R_ARM_ABS32 in section .debug_info from object system_stm32f4xx.o
Trace Relocation: Processing relocation 81 type R_ARM_ABS32 in section .debug_info from object system_stm32f4xx.o
Trace Relocation: Processing relocation 82 type R_ARM_ABS32 in section .debug_info from object system_stm32f4xx.o
Trace Relocation: Processing relocation 83 type R_ARM_ABS32 in section .debug_info from object system_stm32f4xx.o
Trace Relocation: Processing relocation 84 type R_ARM_ABS32 in section .debug_info from object system_stm32f4xx.o
Trace Relocation: Processing relocation 85 type R_ARM_ABS32 in section .debug_info from object system_stm32f4xx.o
Trace Relocation: Processing relocation 0 type R_ARM_ABS32 in section .debug_info from object startup_stm32f407xx.o
Trace Relocation: Processing relocation 1 type R_ARM_ABS32 in section .debug_info from object startup_stm32f407xx.o
Trace Relocation: Processing relocation 2 type R_ARM_ABS32 in section .debug_info from object startup_stm32f407xx.o
Trace Relocation: Processing relocation 3 type R_ARM_ABS32 in section .debug_info from object startup_stm32f407xx.o
Trace Relocation: Processing relocation 4 type R_ARM_ABS32 in section .debug_info from object startup_stm32f407xx.o
Trace Relocation: Processing relocation 5 type R_ARM_ABS32 in section .debug_info from object startup_stm32f407xx.o
Trace Relocation: Processing relocation 6 type R_ARM_ABS32 in section .debug_info from object startup_stm32f407xx.o
Trace Relocation: Processing relocation 7 type R_ARM_ABS32 in section .debug_info from object startup_stm32f407xx.o
Trace Relocation: Processing relocation 8 type R_ARM_ABS32 in section .debug_info from object startup_stm32f407xx.o
Trace Relocation: Processing relocation 9 type R_ARM_ABS32 in section .debug_info from object startup_stm32f407xx.o
Trace Relocation: Processing relocation 10 type R_ARM_ABS32 in section .debug_info from object startup_stm32f407xx.o
Trace Relocation: Processing relocation 11 type R_ARM_ABS32 in section .debug_info from object startup_stm32f407xx.o
Trace Relocation: Processing relocation 12 type R_ARM_ABS32 in section .debug_info from object startup_stm32f407xx.o
Trace Relocation: Processing relocation 13 type R_ARM_ABS32 in section .debug_info from object startup_stm32f407xx.o
Trace Relocation: Processing relocation 14 type R_ARM_ABS32 in section .debug_info from object startup_stm32f407xx.o
Trace Relocation: Processing relocation 15 type R_ARM_ABS32 in section .debug_info from object startup_stm32f407xx.o
Trace Relocation: Processing relocation 16 type R_ARM_ABS32 in section .debug_info from object startup_stm32f407xx.o
Trace Relocation: Processing relocation 17 type R_ARM_ABS32 in section .debug_info from object startup_stm32f407xx.o
Trace Relocation: Processing relocation 18 type R_ARM_ABS32 in section .debug_info from object startup_stm32f407xx.o
Trace Relocation: Processing relocation 19 type R_ARM_ABS32 in section .debug_info from object startup_stm32f407xx.o
Trace Relocation: Processing relocation 20 type R_ARM_ABS32 in section .debug_info from object startup_stm32f407xx.o
Trace Relocation: Processing relocation 21 type R_ARM_ABS32 in section .debug_info from object startup_stm32f407xx.o
Trace Relocation: Processing relocation 22 type R_ARM_ABS32 in section .debug_info from object startup_stm32f407xx.o
Trace Relocation: Processing relocation 23 type R_ARM_ABS32 in section .debug_info from object startup_stm32f407xx.o
Trace Relocation: Processing relocation 24 type R_ARM_ABS32 in section .debug_info from object startup_stm32f407xx.o
Trace Relocation: Processing relocation 25 type R_ARM_ABS32 in section .debug_info from object startup_stm32f407xx.o
Trace Relocation: Processing relocation 0 type R_ARM_ABS32 in section .debug_info from object fifo.o
Trace Relocation: Processing relocation 1 type R_ARM_ABS32 in section .debug_info from object fifo.o
Trace Relocation: Processing relocation 2 type R_ARM_ABS32 in section .debug_info from object fifo.o
Trace Relocation: Processing relocation 3 type R_ARM_ABS32 in section .debug_info from object fifo.o
Trace Relocation: Processing relocation 0 type R_ARM_ABS32 in section .debug_info from object main.o
Trace Relocation: Processing relocation 1 type R_ARM_ABS32 in section .debug_info from object main.o
Trace Relocation: Processing relocation 2 type R_ARM_ABS32 in section .debug_info from object main.o
Trace Relocation: Processing relocation 3 type R_ARM_ABS32 in section .debug_info from object main.o
Trace Relocation: Processing relocation 0 type R_ARM_ABS32 in section .debug_line from object system_stm32f4xx.o
Trace Relocation: Processing relocation 1 type R_ARM_ABS32 in section .debug_line from object system_stm32f4xx.o
Trace Relocation: Processing relocation 0 type R_ARM_ABS32 in section .debug_line from object startup_stm32f407xx.o
Trace Relocation: Processing relocation 0 type R_ARM_ABS32 in section .debug_line from object fifo.o
Trace Relocation: Processing relocation 0 type R_ARM_ABS32 in section .debug_line from object main.o
Trace Relocation: Processing relocation 0 type R_ARM_ABS32 in section .debug_loc from object system_stm32f4xx.o
Trace Relocation: Processing relocation 1 type R_ARM_ABS32 in section .debug_loc from object system_stm32f4xx.o
Trace Relocation: Processing relocation 2 type R_ARM_ABS32 in section .debug_loc from object system_stm32f4xx.o
Trace Relocation: Processing relocation 3 type R_ARM_ABS32 in section .debug_loc from object system_stm32f4xx.o
Trace Relocation: Processing relocation 4 type R_ARM_ABS32 in section .debug_loc from object system_stm32f4xx.o
Trace Relocation: Processing relocation 0 type R_ARM_ABS32 in section .debug_ranges from object system_stm32f4xx.o
Trace Relocation: Processing relocation 1 type R_ARM_ABS32 in section .debug_ranges from object system_stm32f4xx.o
Trace Relocation: Processing relocation 2 type R_ARM_ABS32 in section .debug_ranges from object system_stm32f4xx.o
Trace Relocation: Processing relocation 3 type R_ARM_ABS32 in section .debug_ranges from object system_stm32f4xx.o

==============================================================================

Image Symbol Table

    Local Symbols

    Symbol Name                              Value     Ov Type        Size  Object(Section)

    RTE/Device/STM32F407VGTx/startup_stm32f407xx.s 0x00000000   Number         0  startup_stm32f407xx.o ABSOLUTE
    fifo.s                                   0x00000000   Number         0  fifo.o ABSOLUTE
    main.s                                   0x00000000   Number         0  main.o ABSOLUTE
    system_stm32f4xx.c                       0x00000000   Number         0  system_stm32f4xx.o ABSOLUTE
    RESET                                    0x08000000   Section      392  startup_stm32f407xx.o(RESET)
    $v0                                      0x08000188   Number         0  startup_stm32f407xx.o(.text)
    .text                                    0x08000188   Section       36  startup_stm32f407xx.o(.text)
    [Anonymous Symbol]                       0x080001ac   Section        0  system_stm32f4xx.o(.text.SystemInit)
    $v0                                      0x080001c8   Number         0  fifo.o(fifo)
    fifo                                     0x080001c8   Section      184  fifo.o(fifo)
    $v0                                      0x08000280   Number         0  main.o(myFIFO)
    myFIFO                                   0x08000280   Section      228  main.o(myFIFO)
    DATA                                     0x20000000   Section       11  main.o(DATA)
    DATA                                     0x2000000c   Section       20  fifo.o(DATA)
    STACK                                    0x20000020   Section     1024  startup_stm32f407xx.o(STACK)

    Global Symbols

    Symbol Name                              Value     Ov Type        Size  Object(Section)

    BuildAttributes$$THM_ISAv4$E$P$D$K$B$S$7EM$VFPi3$EXTD16$VFPS$VFMA$PE$A:L22UL41UL21$X:L11$S22US41US21$IEEE1$IW$~IW$USESV6$~STKCKD$USESV7$~SHL$OTIME$EBA8$MICROLIB$REQ8$EABIv2 0x00000000   Number         0  anon$$obj.o ABSOLUTE
    __Vectors_Size                           0x00000188   Number         0  startup_stm32f407xx.o ABSOLUTE
    __Vectors                                0x08000000   Data           4  startup_stm32f407xx.o(RESET)
    Reset_Handler                            0x08000189   Thumb Code     8  startup_stm32f407xx.o(.text)
    __Vectors_End                            0x08000188   Data           0  startup_stm32f407xx.o(RESET)
    NMI_Handler                              0x08000191   Thumb Code     2  startup_stm32f407xx.o(.text)
    HardFault_Handler                        0x08000193   Thumb Code     2  startup_stm32f407xx.o(.text)
    MemManage_Handler                        0x08000195   Thumb Code     2  startup_stm32f407xx.o(.text)
    BusFault_Handler                         0x08000197   Thumb Code     2  startup_stm32f407xx.o(.text)
    UsageFault_Handler                       0x08000199   Thumb Code     2  startup_stm32f407xx.o(.text)
    SVC_Handler                              0x0800019b   Thumb Code     2  startup_stm32f407xx.o(.text)
    DebugMon_Handler                         0x0800019d   Thumb Code     2  startup_stm32f407xx.o(.text)
    PendSV_Handler                           0x0800019f   Thumb Code     2  startup_stm32f407xx.o(.text)
    SysTick_Handler                          0x080001a1   Thumb Code     2  startup_stm32f407xx.o(.text)
    ADC_IRQHandler                           0x080001a3   Thumb Code     0  startup_stm32f407xx.o(.text)
    CAN1_RX0_IRQHandler                      0x080001a3   Thumb Code     0  startup_stm32f407xx.o(.text)
    CAN1_RX1_IRQHandler                      0x080001a3   Thumb Code     0  startup_stm32f407xx.o(.text)
    CAN1_SCE_IRQHandler                      0x080001a3   Thumb Code     0  startup_stm32f407xx.o(.text)
    CAN1_TX_IRQHandler                       0x080001a3   Thumb Code     0  startup_stm32f407xx.o(.text)
    CAN2_RX0_IRQHandler                      0x080001a3   Thumb Code     0  startup_stm32f407xx.o(.text)
    CAN2_RX1_IRQHandler                      0x080001a3   Thumb Code     0  startup_stm32f407xx.o(.text)
    CAN2_SCE_IRQHandler                      0x080001a3   Thumb Code     0  startup_stm32f407xx.o(.text)
    CAN2_TX_IRQHandler                       0x080001a3   Thumb Code     0  startup_stm32f407xx.o(.text)
    DCMI_IRQHandler                          0x080001a3   Thumb Code     0  startup_stm32f407xx.o(.text)
    DMA1_Stream0_IRQHandler                  0x080001a3   Thumb Code     0  startup_stm32f407xx.o(.text)
    DMA1_Stream1_IRQHandler                  0x080001a3   Thumb Code     0  startup_stm32f407xx.o(.text)
    DMA1_Stream2_IRQHandler                  0x080001a3   Thumb Code     0  startup_stm32f407xx.o(.text)
    DMA1_Stream3_IRQHandler                  0x080001a3   Thumb Code     0  startup_stm32f407xx.o(.text)
    DMA1_Stream4_IRQHandler                  0x080001a3   Thumb Code     0  startup_stm32f407xx.o(.text)
    DMA1_Stream5_IRQHandler                  0x080001a3   Thumb Code     0  startup_stm32f407xx.o(.text)
    DMA1_Stream6_IRQHandler                  0x080001a3   Thumb Code     0  startup_stm32f407xx.o(.text)
    DMA1_Stream7_IRQHandler                  0x080001a3   Thumb Code     0  startup_stm32f407xx.o(.text)
    DMA2_Stream0_IRQHandler                  0x080001a3   Thumb Code     0  startup_stm32f407xx.o(.text)
    DMA2_Stream1_IRQHandler                  0x080001a3   Thumb Code     0  startup_stm32f407xx.o(.text)
    DMA2_Stream2_IRQHandler                  0x080001a3   Thumb Code     0  startup_stm32f407xx.o(.text)
    DMA2_Stream3_IRQHandler                  0x080001a3   Thumb Code     0  startup_stm32f407xx.o(.text)
    DMA2_Stream4_IRQHandler                  0x080001a3   Thumb Code     0  startup_stm32f407xx.o(.text)
    DMA2_Stream5_IRQHandler                  0x080001a3   Thumb Code     0  startup_stm32f407xx.o(.text)
    DMA2_Stream6_IRQHandler                  0x080001a3   Thumb Code     0  startup_stm32f407xx.o(.text)
    DMA2_Stream7_IRQHandler                  0x080001a3   Thumb Code     0  startup_stm32f407xx.o(.text)
    ETH_IRQHandler                           0x080001a3   Thumb Code     0  startup_stm32f407xx.o(.text)
    ETH_WKUP_IRQHandler                      0x080001a3   Thumb Code     0  startup_stm32f407xx.o(.text)
    EXTI0_IRQHandler                         0x080001a3   Thumb Code     0  startup_stm32f407xx.o(.text)
    EXTI15_10_IRQHandler                     0x080001a3   Thumb Code     0  startup_stm32f407xx.o(.text)
    EXTI1_IRQHandler                         0x080001a3   Thumb Code     0  startup_stm32f407xx.o(.text)
    EXTI2_IRQHandler                         0x080001a3   Thumb Code     0  startup_stm32f407xx.o(.text)
    EXTI3_IRQHandler                         0x080001a3   Thumb Code     0  startup_stm32f407xx.o(.text)
    EXTI4_IRQHandler                         0x080001a3   Thumb Code     0  startup_stm32f407xx.o(.text)
    EXTI9_5_IRQHandler                       0x080001a3   Thumb Code     0  startup_stm32f407xx.o(.text)
    FLASH_IRQHandler                         0x080001a3   Thumb Code     0  startup_stm32f407xx.o(.text)
    FMC_IRQHandler                           0x080001a3   Thumb Code     0  startup_stm32f407xx.o(.text)
    FPU_IRQHandler                           0x080001a3   Thumb Code     0  startup_stm32f407xx.o(.text)
    HASH_RNG_IRQHandler                      0x080001a3   Thumb Code     0  startup_stm32f407xx.o(.text)
    I2C1_ER_IRQHandler                       0x080001a3   Thumb Code     0  startup_stm32f407xx.o(.text)
    I2C1_EV_IRQHandler                       0x080001a3   Thumb Code     0  startup_stm32f407xx.o(.text)
    I2C2_ER_IRQHandler                       0x080001a3   Thumb Code     0  startup_stm32f407xx.o(.text)
    I2C2_EV_IRQHandler                       0x080001a3   Thumb Code     0  startup_stm32f407xx.o(.text)
    I2C3_ER_IRQHandler                       0x080001a3   Thumb Code     0  startup_stm32f407xx.o(.text)
    I2C3_EV_IRQHandler                       0x080001a3   Thumb Code     0  startup_stm32f407xx.o(.text)
    OTG_FS_IRQHandler                        0x080001a3   Thumb Code     0  startup_stm32f407xx.o(.text)
    OTG_FS_WKUP_IRQHandler                   0x080001a3   Thumb Code     0  startup_stm32f407xx.o(.text)
    OTG_HS_EP1_IN_IRQHandler                 0x080001a3   Thumb Code     0  startup_stm32f407xx.o(.text)
    OTG_HS_EP1_OUT_IRQHandler                0x080001a3   Thumb Code     0  startup_stm32f407xx.o(.text)
    OTG_HS_IRQHandler                        0x080001a3   Thumb Code     0  startup_stm32f407xx.o(.text)
    OTG_HS_WKUP_IRQHandler                   0x080001a3   Thumb Code     0  startup_stm32f407xx.o(.text)
    PVD_IRQHandler                           0x080001a3   Thumb Code     0  startup_stm32f407xx.o(.text)
    RCC_IRQHandler                           0x080001a3   Thumb Code     0  startup_stm32f407xx.o(.text)
    RTC_Alarm_IRQHandler                     0x080001a3   Thumb Code     0  startup_stm32f407xx.o(.text)
    RTC_WKUP_IRQHandler                      0x080001a3   Thumb Code     0  startup_stm32f407xx.o(.text)
    SDIO_IRQHandler                          0x080001a3   Thumb Code     0  startup_stm32f407xx.o(.text)
    SPI1_IRQHandler                          0x080001a3   Thumb Code     0  startup_stm32f407xx.o(.text)
    SPI2_IRQHandler                          0x080001a3   Thumb Code     0  startup_stm32f407xx.o(.text)
    SPI3_IRQHandler                          0x080001a3   Thumb Code     0  startup_stm32f407xx.o(.text)
    TAMP_STAMP_IRQHandler                    0x080001a3   Thumb Code     0  startup_stm32f407xx.o(.text)
    TIM1_BRK_TIM9_IRQHandler                 0x080001a3   Thumb Code     0  startup_stm32f407xx.o(.text)
    TIM1_CC_IRQHandler                       0x080001a3   Thumb Code     0  startup_stm32f407xx.o(.text)
    TIM1_TRG_COM_TIM11_IRQHandler            0x080001a3   Thumb Code     0  startup_stm32f407xx.o(.text)
    TIM1_UP_TIM10_IRQHandler                 0x080001a3   Thumb Code     0  startup_stm32f407xx.o(.text)
    TIM2_IRQHandler                          0x080001a3   Thumb Code     0  startup_stm32f407xx.o(.text)
    TIM3_IRQHandler                          0x080001a3   Thumb Code     0  startup_stm32f407xx.o(.text)
    TIM4_IRQHandler                          0x080001a3   Thumb Code     0  startup_stm32f407xx.o(.text)
    TIM5_IRQHandler                          0x080001a3   Thumb Code     0  startup_stm32f407xx.o(.text)
    TIM6_DAC_IRQHandler                      0x080001a3   Thumb Code     0  startup_stm32f407xx.o(.text)
    TIM7_IRQHandler                          0x080001a3   Thumb Code     0  startup_stm32f407xx.o(.text)
    TIM8_BRK_TIM12_IRQHandler                0x080001a3   Thumb Code     0  startup_stm32f407xx.o(.text)
    TIM8_CC_IRQHandler                       0x080001a3   Thumb Code     0  startup_stm32f407xx.o(.text)
    TIM8_TRG_COM_TIM14_IRQHandler            0x080001a3   Thumb Code     0  startup_stm32f407xx.o(.text)
    TIM8_UP_TIM13_IRQHandler                 0x080001a3   Thumb Code     0  startup_stm32f407xx.o(.text)
    UART4_IRQHandler                         0x080001a3   Thumb Code     0  startup_stm32f407xx.o(.text)
    UART5_IRQHandler                         0x080001a3   Thumb Code     0  startup_stm32f407xx.o(.text)
    USART1_IRQHandler                        0x080001a3   Thumb Code     0  startup_stm32f407xx.o(.text)
    USART2_IRQHandler                        0x080001a3   Thumb Code     0  startup_stm32f407xx.o(.text)
    USART3_IRQHandler                        0x080001a3   Thumb Code     0  startup_stm32f407xx.o(.text)
    USART6_IRQHandler                        0x080001a3   Thumb Code     0  startup_stm32f407xx.o(.text)
    WWDG_IRQHandler                          0x080001a3   Thumb Code     0  startup_stm32f407xx.o(.text)
    SystemInit                               0x080001ad   Thumb Code    26  system_stm32f4xx.o(.text.SystemInit)
    Fifo_Init                                0x080001c9   Thumb Code     0  fifo.o(fifo)
    Fifo_Put                                 0x080001dd   Thumb Code     0  fifo.o(fifo)
    Fifo_Get                                 0x0800021b   Thumb Code     0  fifo.o(fifo)
    Fifo_Size                                0x0800025b   Thumb Code     0  fifo.o(fifo)
    __main                                   0x08000281   Thumb Code     0  main.o(myFIFO)
    n                                        0x20000000   Data          11  main.o(DATA)
    PutPt                                    0x2000000c   Data           4  fifo.o(DATA)
    GetPt                                    0x20000010   Data           4  fifo.o(DATA)
    Fifo                                     0x20000014   Data           8  fifo.o(DATA)
    Flag                                     0x2000001c   Data           4  fifo.o(DATA)
    __initial_sp                             0x20000420   Data           0  startup_stm32f407xx.o(STACK)



==============================================================================

Memory Map of the image

  Image Entry point : 0x08000189

  Load Region LR_1 (Base: 0x08000000, Size: 0x00000384, Max: 0xffffffff, ABSOLUTE)

    Execution Region ER_RO (Exec base: 0x08000000, Load base: 0x08000000, Size: 0x00000364, Max: 0xffffffff, ABSOLUTE)

    Exec Addr    Load Addr    Size         Type   Attr      Idx    E Section Name        Object

    0x08000000   0x08000000   0x00000188   Data   RO           13    RESET               startup_stm32f407xx.o
    0x08000188   0x08000188   0x00000024   Code   RO           14  * .text               startup_stm32f407xx.o
    0x080001ac   0x080001ac   0x0000001a   Code   RO           19    .text.SystemInit    system_stm32f4xx.o
    0x080001c6   0x080001c6   0x00000002   PAD
    0x080001c8   0x080001c8   0x000000b8   Code   RO            8    fifo                fifo.o
    0x08000280   0x08000280   0x000000e4   Code   RO            2    myFIFO              main.o


    Execution Region ER_RW (Exec base: 0x20000000, Load base: 0x08000364, Size: 0x00000020, Max: 0xffffffff, ABSOLUTE)

    Exec Addr    Load Addr    Size         Type   Attr      Idx    E Section Name        Object

    0x20000000   0x08000364   0x0000000b   Data   RW            1    DATA                main.o
    0x2000000b   0x0800036f   0x00000001   PAD
    0x2000000c   0x08000370   0x00000014   Data   RW            7    DATA                fifo.o


    Execution Region ER_ZI (Exec base: 0x20000020, Load base: 0x08000384, Size: 0x00000400, Max: 0xffffffff, ABSOLUTE)

    Exec Addr    Load Addr    Size         Type   Attr      Idx    E Section Name        Object

    0x20000020        -       0x00000400   Zero   RW           11    STACK               startup_stm32f407xx.o


==============================================================================

Image component sizes


      Code (inc. data)   RO Data    RW Data    ZI Data      Debug   Object Name

       184         20          0         20          0        280   fifo.o
       228          6          0         11          0        304   main.o
        36          8        392          0       1024        864   startup_stm32f407xx.o
        26          0          0          0          0       2761   system_stm32f4xx.o

    ----------------------------------------------------------------------
       476         34        392         32       1024       4209   Object Totals
         0          0          0          0          0          0   (incl. Generated)
         2          0          0          1          0          0   (incl. Padding)

    ----------------------------------------------------------------------
         0          0          0          0          0          0   Library Totals
         0          0          0          0          0          0   (incl. Padding)

    ----------------------------------------------------------------------

==============================================================================


      Code (inc. data)   RO Data    RW Data    ZI Data      Debug   

       476         34        392         32       1024       4209   Grand Totals
       476         34        392         32       1024       4209   ELF Image Totals
       476         34        392         32          0          0   ROM Totals

==============================================================================

    Total RO  Size (Code + RO Data)                  868 (   0.85kB)
    Total RW  Size (RW Data + ZI Data)              1056 (   1.03kB)
    Total ROM Size (Code + RO Data + RW Data)        900 (   0.88kB)

==============================================================================

